
[Device] Running on CUDA: NVIDIA GeForce RTX 5060 Ti
------------------------------------------------------------------------
Loading data for INVERSE DIFFUSION task: F:\TPMS\dataset used for training\train.xlsx
Inverse Diffusion Dataset: Curves (20444, 20) -> Params (20444, 9)
Checkpoints will be saved to: F:\TPMS\inverse_diffusion_checkpoints
[AMP] Enabled with dtype=bfloat16
[Training Setup] train_batch_size=4096, val_batch_size=8192, val_every=5

==================== Training Inverse Diffusion Pipeline 1/6 ====================
Epoch 1/400 | Train Noise MSE: 0.99621 | Val Noise MSE: 0.99761 | Train x0 MSE: 3.40394 | Val x0 MSE: 3.29633 | Best Val x0 MSE: 3.29633 | LR: 5.00e-04 | Time: 0.46s | Samples/s: 35602
Epoch 20/400 | Train Noise MSE: 0.37982 | Val Noise MSE: 0.36789 | Train x0 MSE: 0.54296 | Val x0 MSE: 0.52185 | Best Val x0 MSE: 0.52185 | LR: 5.00e-04 | Time: 0.03s | Samples/s: 475211
Epoch 40/400 | Train Noise MSE: 0.35761 | Val Noise MSE: 0.35739 | Train x0 MSE: 0.42003 | Val x0 MSE: 0.41385 | Best Val x0 MSE: 0.41385 | LR: 4.99e-04 | Time: 0.04s | Samples/s: 464990
Epoch 60/400 | Train Noise MSE: 0.29434 | Val Noise MSE: 0.29451 | Train x0 MSE: 0.26599 | Val x0 MSE: 0.27355 | Best Val x0 MSE: 0.26687 | LR: 4.99e-04 | Time: 0.03s | Samples/s: 476478
Epoch 80/400 | Train Noise MSE: 0.27398 | Val Noise MSE: 0.27096 | Train x0 MSE: 0.26702 | Val x0 MSE: 0.25662 | Best Val x0 MSE: 0.24625 | LR: 4.98e-04 | Time: 0.03s | Samples/s: 486348
Epoch 100/400 | Train Noise MSE: 0.25045 | Val Noise MSE: 0.24751 | Train x0 MSE: 0.24518 | Val x0 MSE: 0.24053 | Best Val x0 MSE: 0.24053 | LR: 4.97e-04 | Time: 0.04s | Samples/s: 438358
Epoch 120/400 | Train Noise MSE: 0.23798 | Val Noise MSE: 0.24379 | Train x0 MSE: 0.23418 | Val x0 MSE: 0.23307 | Best Val x0 MSE: 0.23192 | LR: 4.95e-04 | Time: 0.04s | Samples/s: 461093
Epoch 140/400 | Train Noise MSE: 0.22652 | Val Noise MSE: 0.22322 | Train x0 MSE: 0.21713 | Val x0 MSE: 0.21720 | Best Val x0 MSE: 0.21357 | LR: 4.94e-04 | Time: 0.03s | Samples/s: 480509
Epoch 160/400 | Train Noise MSE: 0.21899 | Val Noise MSE: 0.20904 | Train x0 MSE: 0.22017 | Val x0 MSE: 0.21066 | Best Val x0 MSE: 0.21066 | LR: 4.92e-04 | Time: 0.04s | Samples/s: 453983
Epoch 180/400 | Train Noise MSE: 0.21428 | Val Noise MSE: 0.21772 | Train x0 MSE: 0.22220 | Val x0 MSE: 0.20731 | Best Val x0 MSE: 0.20731 | LR: 4.90e-04 | Time: 0.04s | Samples/s: 433208
Epoch 200/400 | Train Noise MSE: 0.20171 | Val Noise MSE: 0.19892 | Train x0 MSE: 0.20506 | Val x0 MSE: 0.20520 | Best Val x0 MSE: 0.20520 | LR: 4.87e-04 | Time: 0.03s | Samples/s: 479312
Epoch 220/400 | Train Noise MSE: 0.19705 | Val Noise MSE: 0.19742 | Train x0 MSE: 0.20797 | Val x0 MSE: 0.21208 | Best Val x0 MSE: 0.20520 | LR: 4.85e-04 | Time: 0.03s | Samples/s: 493563
Epoch 240/400 | Train Noise MSE: 0.19473 | Val Noise MSE: 0.19765 | Train x0 MSE: 0.21305 | Val x0 MSE: 0.20210 | Best Val x0 MSE: 0.20210 | LR: 4.82e-04 | Time: 0.03s | Samples/s: 558952
Epoch 260/400 | Train Noise MSE: 0.19124 | Val Noise MSE: 0.19480 | Train x0 MSE: 0.20410 | Val x0 MSE: 0.20012 | Best Val x0 MSE: 0.20012 | LR: 4.79e-04 | Time: 0.04s | Samples/s: 456408
Epoch 280/400 | Train Noise MSE: 0.19092 | Val Noise MSE: 0.19312 | Train x0 MSE: 0.20962 | Val x0 MSE: 0.21268 | Best Val x0 MSE: 0.20012 | LR: 4.75e-04 | Time: 0.03s | Samples/s: 495638
Epoch 300/400 | Train Noise MSE: 0.18889 | Val Noise MSE: 0.18219 | Train x0 MSE: 0.20252 | Val x0 MSE: 0.19793 | Best Val x0 MSE: 0.19742 | LR: 4.72e-04 | Time: 0.03s | Samples/s: 535831
Epoch 320/400 | Train Noise MSE: 0.18851 | Val Noise MSE: 0.18783 | Train x0 MSE: 0.19791 | Val x0 MSE: 0.20534 | Best Val x0 MSE: 0.19742 | LR: 4.68e-04 | Time: 0.03s | Samples/s: 490164
Epoch 340/400 | Train Noise MSE: 0.18521 | Val Noise MSE: 0.17714 | Train x0 MSE: 0.19804 | Val x0 MSE: 0.19871 | Best Val x0 MSE: 0.19595 | LR: 4.64e-04 | Time: 0.05s | Samples/s: 315253
Epoch 360/400 | Train Noise MSE: 0.18172 | Val Noise MSE: 0.18181 | Train x0 MSE: 0.19983 | Val x0 MSE: 0.20142 | Best Val x0 MSE: 0.19557 | LR: 4.60e-04 | Time: 0.03s | Samples/s: 473922
Epoch 380/400 | Train Noise MSE: 0.18135 | Val Noise MSE: 0.18077 | Train x0 MSE: 0.19426 | Val x0 MSE: 0.19705 | Best Val x0 MSE: 0.19347 | LR: 4.56e-04 | Time: 0.03s | Samples/s: 489530
Epoch 400/400 | Train Noise MSE: 0.17960 | Val Noise MSE: 0.18822 | Train x0 MSE: 0.20536 | Val x0 MSE: 0.20617 | Best Val x0 MSE: 0.19313 | LR: 4.51e-04 | Time: 0.04s | Samples/s: 452981
Best model saved to F:\TPMS\inverse_diffusion_checkpoints\inverse_diffusion_0.pth (Val x0 MSE: 0.19313, Epoch: 395)

==================== Training Inverse Diffusion Pipeline 2/6 ====================
Epoch 1/400 | Train Noise MSE: 0.99416 | Val Noise MSE: 0.99471 | Train x0 MSE: 3.38256 | Val x0 MSE: 3.29904 | Best Val x0 MSE: 3.29904 | LR: 5.00e-04 | Time: 0.04s | Samples/s: 427327
Epoch 20/400 | Train Noise MSE: 0.38169 | Val Noise MSE: 0.36976 | Train x0 MSE: 0.55649 | Val x0 MSE: 0.54201 | Best Val x0 MSE: 0.54201 | LR: 5.00e-04 | Time: 0.04s | Samples/s: 450326
Epoch 40/400 | Train Noise MSE: 0.34861 | Val Noise MSE: 0.34857 | Train x0 MSE: 0.38294 | Val x0 MSE: 0.38262 | Best Val x0 MSE: 0.38262 | LR: 4.99e-04 | Time: 0.04s | Samples/s: 455466
Epoch 60/400 | Train Noise MSE: 0.29721 | Val Noise MSE: 0.29009 | Train x0 MSE: 0.26237 | Val x0 MSE: 0.26016 | Best Val x0 MSE: 0.26016 | LR: 4.99e-04 | Time: 0.04s | Samples/s: 467267
Epoch 80/400 | Train Noise MSE: 0.26602 | Val Noise MSE: 0.26911 | Train x0 MSE: 0.25922 | Val x0 MSE: 0.25383 | Best Val x0 MSE: 0.24077 | LR: 4.98e-04 | Time: 0.03s | Samples/s: 493013
Epoch 100/400 | Train Noise MSE: 0.25399 | Val Noise MSE: 0.25158 | Train x0 MSE: 0.24919 | Val x0 MSE: 0.24892 | Best Val x0 MSE: 0.24077 | LR: 4.97e-04 | Time: 0.03s | Samples/s: 508567
Epoch 120/400 | Train Noise MSE: 0.23262 | Val Noise MSE: 0.23274 | Train x0 MSE: 0.22260 | Val x0 MSE: 0.22262 | Best Val x0 MSE: 0.22262 | LR: 4.95e-04 | Time: 0.04s | Samples/s: 439609
Epoch 140/400 | Train Noise MSE: 0.22233 | Val Noise MSE: 0.21222 | Train x0 MSE: 0.21474 | Val x0 MSE: 0.21915 | Best Val x0 MSE: 0.21699 | LR: 4.94e-04 | Time: 0.04s | Samples/s: 461553
Epoch 160/400 | Train Noise MSE: 0.21710 | Val Noise MSE: 0.21031 | Train x0 MSE: 0.21361 | Val x0 MSE: 0.21811 | Best Val x0 MSE: 0.21699 | LR: 4.92e-04 | Time: 0.04s | Samples/s: 464488
Epoch 180/400 | Train Noise MSE: 0.20827 | Val Noise MSE: 0.21161 | Train x0 MSE: 0.21253 | Val x0 MSE: 0.20235 | Best Val x0 MSE: 0.20235 | LR: 4.90e-04 | Time: 0.03s | Samples/s: 518204
Epoch 200/400 | Train Noise MSE: 0.20622 | Val Noise MSE: 0.19639 | Train x0 MSE: 0.20924 | Val x0 MSE: 0.21014 | Best Val x0 MSE: 0.20235 | LR: 4.87e-04 | Time: 0.03s | Samples/s: 509153
Epoch 220/400 | Train Noise MSE: 0.19856 | Val Noise MSE: 0.20063 | Train x0 MSE: 0.20431 | Val x0 MSE: 0.21511 | Best Val x0 MSE: 0.20235 | LR: 4.85e-04 | Time: 0.03s | Samples/s: 480853
Epoch 240/400 | Train Noise MSE: 0.19748 | Val Noise MSE: 0.19437 | Train x0 MSE: 0.21204 | Val x0 MSE: 0.20547 | Best Val x0 MSE: 0.19360 | LR: 4.82e-04 | Time: 0.03s | Samples/s: 538796
Epoch 260/400 | Train Noise MSE: 0.19383 | Val Noise MSE: 0.18920 | Train x0 MSE: 0.20332 | Val x0 MSE: 0.20213 | Best Val x0 MSE: 0.19360 | LR: 4.79e-04 | Time: 0.03s | Samples/s: 493758
Epoch 280/400 | Train Noise MSE: 0.18766 | Val Noise MSE: 0.18542 | Train x0 MSE: 0.20088 | Val x0 MSE: 0.19381 | Best Val x0 MSE: 0.19360 | LR: 4.75e-04 | Time: 0.03s | Samples/s: 482998
Early stopped at epoch 285 (no validation improvement for 60 epochs).
Best model saved to F:\TPMS\inverse_diffusion_checkpoints\inverse_diffusion_1.pth (Val x0 MSE: 0.19360, Epoch: 225)

==================== Training Inverse Diffusion Pipeline 3/6 ====================
Epoch 1/400 | Train Noise MSE: 1.00214 | Val Noise MSE: 0.99990 | Train x0 MSE: 3.29964 | Val x0 MSE: 3.30737 | Best Val x0 MSE: 3.30737 | LR: 5.00e-04 | Time: 0.03s | Samples/s: 483290
Epoch 20/400 | Train Noise MSE: 0.37909 | Val Noise MSE: 0.37295 | Train x0 MSE: 0.53185 | Val x0 MSE: 0.52844 | Best Val x0 MSE: 0.52844 | LR: 5.00e-04 | Time: 0.04s | Samples/s: 463301
Epoch 40/400 | Train Noise MSE: 0.35255 | Val Noise MSE: 0.34388 | Train x0 MSE: 0.39617 | Val x0 MSE: 0.39210 | Best Val x0 MSE: 0.39210 | LR: 4.99e-04 | Time: 0.04s | Samples/s: 462636
Epoch 60/400 | Train Noise MSE: 0.30931 | Val Noise MSE: 0.31840 | Train x0 MSE: 0.31938 | Val x0 MSE: 0.30633 | Best Val x0 MSE: 0.30633 | LR: 4.99e-04 | Time: 0.04s | Samples/s: 453643
Epoch 80/400 | Train Noise MSE: 0.27283 | Val Noise MSE: 0.27591 | Train x0 MSE: 0.26734 | Val x0 MSE: 0.28437 | Best Val x0 MSE: 0.27331 | LR: 4.98e-04 | Time: 0.03s | Samples/s: 478664
Epoch 100/400 | Train Noise MSE: 0.24197 | Val Noise MSE: 0.23929 | Train x0 MSE: 0.23087 | Val x0 MSE: 0.23044 | Best Val x0 MSE: 0.23044 | LR: 4.97e-04 | Time: 0.04s | Samples/s: 458244
Epoch 120/400 | Train Noise MSE: 0.22438 | Val Noise MSE: 0.23525 | Train x0 MSE: 0.23145 | Val x0 MSE: 0.25113 | Best Val x0 MSE: 0.21967 | LR: 4.95e-04 | Time: 0.04s | Samples/s: 456191
Epoch 140/400 | Train Noise MSE: 0.22026 | Val Noise MSE: 0.21096 | Train x0 MSE: 0.21901 | Val x0 MSE: 0.21935 | Best Val x0 MSE: 0.21935 | LR: 4.94e-04 | Time: 0.04s | Samples/s: 455510
Epoch 160/400 | Train Noise MSE: 0.20994 | Val Noise MSE: 0.21662 | Train x0 MSE: 0.21612 | Val x0 MSE: 0.21376 | Best Val x0 MSE: 0.21376 | LR: 4.92e-04 | Time: 0.03s | Samples/s: 470258
Epoch 180/400 | Train Noise MSE: 0.21006 | Val Noise MSE: 0.20649 | Train x0 MSE: 0.21588 | Val x0 MSE: 0.21310 | Best Val x0 MSE: 0.20439 | LR: 4.90e-04 | Time: 0.03s | Samples/s: 481903
Epoch 200/400 | Train Noise MSE: 0.20066 | Val Noise MSE: 0.20477 | Train x0 MSE: 0.20764 | Val x0 MSE: 0.20552 | Best Val x0 MSE: 0.20439 | LR: 4.87e-04 | Time: 0.03s | Samples/s: 493014
Epoch 220/400 | Train Noise MSE: 0.20105 | Val Noise MSE: 0.19673 | Train x0 MSE: 0.20746 | Val x0 MSE: 0.20307 | Best Val x0 MSE: 0.20307 | LR: 4.85e-04 | Time: 0.04s | Samples/s: 456429
Epoch 240/400 | Train Noise MSE: 0.19772 | Val Noise MSE: 0.19944 | Train x0 MSE: 0.20369 | Val x0 MSE: 0.21471 | Best Val x0 MSE: 0.20307 | LR: 4.82e-04 | Time: 0.03s | Samples/s: 490079
Epoch 260/400 | Train Noise MSE: 0.19686 | Val Noise MSE: 0.19638 | Train x0 MSE: 0.21135 | Val x0 MSE: 0.20966 | Best Val x0 MSE: 0.20307 | LR: 4.79e-04 | Time: 0.04s | Samples/s: 371391
Epoch 280/400 | Train Noise MSE: 0.19123 | Val Noise MSE: 0.19755 | Train x0 MSE: 0.19933 | Val x0 MSE: 0.20954 | Best Val x0 MSE: 0.19200 | LR: 4.75e-04 | Time: 0.03s | Samples/s: 474235
Epoch 300/400 | Train Noise MSE: 0.18765 | Val Noise MSE: 0.18260 | Train x0 MSE: 0.20236 | Val x0 MSE: 0.19811 | Best Val x0 MSE: 0.19200 | LR: 4.72e-04 | Time: 0.03s | Samples/s: 479036
Epoch 320/400 | Train Noise MSE: 0.18594 | Val Noise MSE: 0.18977 | Train x0 MSE: 0.20251 | Val x0 MSE: 0.20479 | Best Val x0 MSE: 0.19200 | LR: 4.68e-04 | Time: 0.03s | Samples/s: 483823
Early stopped at epoch 330 (no validation improvement for 60 epochs).
Best model saved to F:\TPMS\inverse_diffusion_checkpoints\inverse_diffusion_2.pth (Val x0 MSE: 0.19200, Epoch: 270)

==================== Training Inverse Diffusion Pipeline 4/6 ====================
Epoch 1/400 | Train Noise MSE: 0.99461 | Val Noise MSE: 1.00257 | Train x0 MSE: 3.35378 | Val x0 MSE: 3.46927 | Best Val x0 MSE: 3.46927 | LR: 5.00e-04 | Time: 0.04s | Samples/s: 390826
Epoch 20/400 | Train Noise MSE: 0.37661 | Val Noise MSE: 0.38335 | Train x0 MSE: 0.51689 | Val x0 MSE: 0.54088 | Best Val x0 MSE: 0.54088 | LR: 5.00e-04 | Time: 0.04s | Samples/s: 443321
Epoch 40/400 | Train Noise MSE: 0.35120 | Val Noise MSE: 0.35204 | Train x0 MSE: 0.39014 | Val x0 MSE: 0.37095 | Best Val x0 MSE: 0.37095 | LR: 4.99e-04 | Time: 0.03s | Samples/s: 470308
Epoch 60/400 | Train Noise MSE: 0.30776 | Val Noise MSE: 0.31714 | Train x0 MSE: 0.28992 | Val x0 MSE: 0.33497 | Best Val x0 MSE: 0.31590 | LR: 4.99e-04 | Time: 0.03s | Samples/s: 514598
Epoch 80/400 | Train Noise MSE: 0.27541 | Val Noise MSE: 0.27099 | Train x0 MSE: 0.28361 | Val x0 MSE: 0.27192 | Best Val x0 MSE: 0.26638 | LR: 4.98e-04 | Time: 0.04s | Samples/s: 466350
Epoch 100/400 | Train Noise MSE: 0.25458 | Val Noise MSE: 0.26571 | Train x0 MSE: 0.24707 | Val x0 MSE: 0.28647 | Best Val x0 MSE: 0.24298 | LR: 4.97e-04 | Time: 0.04s | Samples/s: 426147
Epoch 120/400 | Train Noise MSE: 0.24553 | Val Noise MSE: 0.23682 | Train x0 MSE: 0.24141 | Val x0 MSE: 0.24976 | Best Val x0 MSE: 0.24298 | LR: 4.95e-04 | Time: 0.03s | Samples/s: 652235
Epoch 140/400 | Train Noise MSE: 0.22263 | Val Noise MSE: 0.22332 | Train x0 MSE: 0.22490 | Val x0 MSE: 0.21964 | Best Val x0 MSE: 0.21964 | LR: 4.94e-04 | Time: 0.04s | Samples/s: 462340
Epoch 160/400 | Train Noise MSE: 0.21490 | Val Noise MSE: 0.21812 | Train x0 MSE: 0.22228 | Val x0 MSE: 0.22078 | Best Val x0 MSE: 0.21206 | LR: 4.92e-04 | Time: 0.03s | Samples/s: 488237
Epoch 180/400 | Train Noise MSE: 0.21011 | Val Noise MSE: 0.21225 | Train x0 MSE: 0.22432 | Val x0 MSE: 0.21550 | Best Val x0 MSE: 0.21206 | LR: 4.90e-04 | Time: 0.02s | Samples/s: 754319
Epoch 200/400 | Train Noise MSE: 0.20569 | Val Noise MSE: 0.20949 | Train x0 MSE: 0.21658 | Val x0 MSE: 0.22924 | Best Val x0 MSE: 0.21182 | LR: 4.87e-04 | Time: 0.03s | Samples/s: 476052
Epoch 220/400 | Train Noise MSE: 0.20103 | Val Noise MSE: 0.19927 | Train x0 MSE: 0.20886 | Val x0 MSE: 0.21329 | Best Val x0 MSE: 0.20637 | LR: 4.85e-04 | Time: 0.03s | Samples/s: 480882
Epoch 240/400 | Train Noise MSE: 0.19664 | Val Noise MSE: 0.20319 | Train x0 MSE: 0.21878 | Val x0 MSE: 0.21266 | Best Val x0 MSE: 0.20637 | LR: 4.82e-04 | Time: 0.03s | Samples/s: 504168
Epoch 260/400 | Train Noise MSE: 0.19792 | Val Noise MSE: 0.21009 | Train x0 MSE: 0.21146 | Val x0 MSE: 0.21641 | Best Val x0 MSE: 0.20384 | LR: 4.79e-04 | Time: 0.03s | Samples/s: 526809
Epoch 280/400 | Train Noise MSE: 0.19179 | Val Noise MSE: 0.18688 | Train x0 MSE: 0.20345 | Val x0 MSE: 0.20425 | Best Val x0 MSE: 0.20384 | LR: 4.75e-04 | Time: 0.03s | Samples/s: 473528
Epoch 300/400 | Train Noise MSE: 0.18640 | Val Noise MSE: 0.18459 | Train x0 MSE: 0.20672 | Val x0 MSE: 0.21033 | Best Val x0 MSE: 0.19337 | LR: 4.72e-04 | Time: 0.03s | Samples/s: 484218
Epoch 320/400 | Train Noise MSE: 0.18431 | Val Noise MSE: 0.18723 | Train x0 MSE: 0.20414 | Val x0 MSE: 0.20081 | Best Val x0 MSE: 0.19337 | LR: 4.68e-04 | Time: 0.03s | Samples/s: 490264
Epoch 340/400 | Train Noise MSE: 0.18075 | Val Noise MSE: 0.18057 | Train x0 MSE: 0.20342 | Val x0 MSE: 0.20185 | Best Val x0 MSE: 0.19337 | LR: 4.64e-04 | Time: 0.03s | Samples/s: 501816
Early stopped at epoch 355 (no validation improvement for 60 epochs).
Best model saved to F:\TPMS\inverse_diffusion_checkpoints\inverse_diffusion_3.pth (Val x0 MSE: 0.19337, Epoch: 295)

==================== Training Inverse Diffusion Pipeline 5/6 ====================
Epoch 1/400 | Train Noise MSE: 0.99847 | Val Noise MSE: 0.98463 | Train x0 MSE: 3.39922 | Val x0 MSE: 3.37883 | Best Val x0 MSE: 3.37883 | LR: 5.00e-04 | Time: 0.04s | Samples/s: 426354
Epoch 20/400 | Train Noise MSE: 0.38500 | Val Noise MSE: 0.38937 | Train x0 MSE: 0.56113 | Val x0 MSE: 0.55956 | Best Val x0 MSE: 0.55956 | LR: 5.00e-04 | Time: 0.03s | Samples/s: 516277
Epoch 40/400 | Train Noise MSE: 0.34919 | Val Noise MSE: 0.36022 | Train x0 MSE: 0.41313 | Val x0 MSE: 0.39136 | Best Val x0 MSE: 0.39136 | LR: 4.99e-04 | Time: 0.04s | Samples/s: 432123
Epoch 60/400 | Train Noise MSE: 0.32467 | Val Noise MSE: 0.32006 | Train x0 MSE: 0.30839 | Val x0 MSE: 0.29440 | Best Val x0 MSE: 0.29440 | LR: 4.99e-04 | Time: 0.04s | Samples/s: 448214
Epoch 80/400 | Train Noise MSE: 0.29420 | Val Noise MSE: 0.29383 | Train x0 MSE: 0.29341 | Val x0 MSE: 0.26778 | Best Val x0 MSE: 0.26778 | LR: 4.98e-04 | Time: 0.04s | Samples/s: 457465
Epoch 100/400 | Train Noise MSE: 0.27540 | Val Noise MSE: 0.27082 | Train x0 MSE: 0.27537 | Val x0 MSE: 0.26770 | Best Val x0 MSE: 0.26770 | LR: 4.97e-04 | Time: 0.04s | Samples/s: 465224
Epoch 120/400 | Train Noise MSE: 0.24756 | Val Noise MSE: 0.25683 | Train x0 MSE: 0.24635 | Val x0 MSE: 0.23822 | Best Val x0 MSE: 0.23822 | LR: 4.95e-04 | Time: 0.04s | Samples/s: 464864
Epoch 140/400 | Train Noise MSE: 0.23071 | Val Noise MSE: 0.23070 | Train x0 MSE: 0.24482 | Val x0 MSE: 0.24164 | Best Val x0 MSE: 0.23105 | LR: 4.94e-04 | Time: 0.03s | Samples/s: 491213
Epoch 160/400 | Train Noise MSE: 0.22274 | Val Noise MSE: 0.23193 | Train x0 MSE: 0.23870 | Val x0 MSE: 0.23412 | Best Val x0 MSE: 0.21879 | LR: 4.92e-04 | Time: 0.03s | Samples/s: 474477
Epoch 180/400 | Train Noise MSE: 0.20796 | Val Noise MSE: 0.21781 | Train x0 MSE: 0.22168 | Val x0 MSE: 0.22197 | Best Val x0 MSE: 0.20758 | LR: 4.90e-04 | Time: 0.03s | Samples/s: 501693
Epoch 200/400 | Train Noise MSE: 0.21160 | Val Noise MSE: 0.21377 | Train x0 MSE: 0.22585 | Val x0 MSE: 0.22741 | Best Val x0 MSE: 0.20758 | LR: 4.87e-04 | Time: 0.04s | Samples/s: 452265
Epoch 220/400 | Train Noise MSE: 0.20493 | Val Noise MSE: 0.20110 | Train x0 MSE: 0.22454 | Val x0 MSE: 0.21625 | Best Val x0 MSE: 0.20758 | LR: 4.85e-04 | Time: 0.04s | Samples/s: 437837
Early stopped at epoch 235 (no validation improvement for 60 epochs).
Best model saved to F:\TPMS\inverse_diffusion_checkpoints\inverse_diffusion_4.pth (Val x0 MSE: 0.20758, Epoch: 175)

==================== Training Inverse Diffusion Pipeline 6/6 ====================
Epoch 1/400 | Train Noise MSE: 0.99117 | Val Noise MSE: 1.00559 | Train x0 MSE: 3.36317 | Val x0 MSE: 3.43566 | Best Val x0 MSE: 3.43566 | LR: 5.00e-04 | Time: 0.04s | Samples/s: 395747
Epoch 20/400 | Train Noise MSE: 0.38926 | Val Noise MSE: 0.38558 | Train x0 MSE: 0.56425 | Val x0 MSE: 0.53815 | Best Val x0 MSE: 0.53815 | LR: 5.00e-04 | Time: 0.03s | Samples/s: 597007
Epoch 40/400 | Train Noise MSE: 0.35830 | Val Noise MSE: 0.34467 | Train x0 MSE: 0.43294 | Val x0 MSE: 0.43370 | Best Val x0 MSE: 0.43370 | LR: 4.99e-04 | Time: 0.04s | Samples/s: 461888
Epoch 60/400 | Train Noise MSE: 0.31026 | Val Noise MSE: 0.31536 | Train x0 MSE: 0.29019 | Val x0 MSE: 0.28997 | Best Val x0 MSE: 0.28885 | LR: 4.99e-04 | Time: 0.04s | Samples/s: 441879
Epoch 80/400 | Train Noise MSE: 0.27130 | Val Noise MSE: 0.26500 | Train x0 MSE: 0.24548 | Val x0 MSE: 0.24762 | Best Val x0 MSE: 0.24762 | LR: 4.98e-04 | Time: 0.04s | Samples/s: 412987
Epoch 100/400 | Train Noise MSE: 0.24624 | Val Noise MSE: 0.23946 | Train x0 MSE: 0.23542 | Val x0 MSE: 0.23798 | Best Val x0 MSE: 0.23577 | LR: 4.97e-04 | Time: 0.03s | Samples/s: 479263
Epoch 120/400 | Train Noise MSE: 0.22670 | Val Noise MSE: 0.23306 | Train x0 MSE: 0.23466 | Val x0 MSE: 0.24197 | Best Val x0 MSE: 0.22678 | LR: 4.95e-04 | Time: 0.04s | Samples/s: 420933
Epoch 140/400 | Train Noise MSE: 0.21644 | Val Noise MSE: 0.22044 | Train x0 MSE: 0.21816 | Val x0 MSE: 0.20994 | Best Val x0 MSE: 0.20994 | LR: 4.94e-04 | Time: 0.04s | Samples/s: 434390
Epoch 160/400 | Train Noise MSE: 0.20858 | Val Noise MSE: 0.20985 | Train x0 MSE: 0.21661 | Val x0 MSE: 0.21958 | Best Val x0 MSE: 0.20994 | LR: 4.92e-04 | Time: 0.03s | Samples/s: 481107
Epoch 180/400 | Train Noise MSE: 0.20534 | Val Noise MSE: 0.21526 | Train x0 MSE: 0.20647 | Val x0 MSE: 0.21297 | Best Val x0 MSE: 0.20733 | LR: 4.90e-04 | Time: 0.03s | Samples/s: 475208
Epoch 200/400 | Train Noise MSE: 0.20341 | Val Noise MSE: 0.20822 | Train x0 MSE: 0.20869 | Val x0 MSE: 0.20984 | Best Val x0 MSE: 0.20419 | LR: 4.87e-04 | Time: 0.03s | Samples/s: 503310
Epoch 220/400 | Train Noise MSE: 0.19695 | Val Noise MSE: 0.19854 | Train x0 MSE: 0.20383 | Val x0 MSE: 0.20455 | Best Val x0 MSE: 0.19809 | LR: 4.85e-04 | Time: 0.04s | Samples/s: 438702
Epoch 240/400 | Train Noise MSE: 0.19820 | Val Noise MSE: 0.19712 | Train x0 MSE: 0.20779 | Val x0 MSE: 0.21093 | Best Val x0 MSE: 0.19809 | LR: 4.82e-04 | Time: 0.03s | Samples/s: 471848
Epoch 260/400 | Train Noise MSE: 0.19411 | Val Noise MSE: 0.18936 | Train x0 MSE: 0.20111 | Val x0 MSE: 0.20349 | Best Val x0 MSE: 0.19488 | LR: 4.79e-04 | Time: 0.04s | Samples/s: 457484
Epoch 280/400 | Train Noise MSE: 0.18675 | Val Noise MSE: 0.19309 | Train x0 MSE: 0.19929 | Val x0 MSE: 0.20094 | Best Val x0 MSE: 0.19488 | LR: 4.75e-04 | Time: 0.03s | Samples/s: 489581
Epoch 300/400 | Train Noise MSE: 0.18771 | Val Noise MSE: 0.18708 | Train x0 MSE: 0.20447 | Val x0 MSE: 0.19939 | Best Val x0 MSE: 0.19488 | LR: 4.72e-04 | Time: 0.03s | Samples/s: 511733
Early stopped at epoch 305 (no validation improvement for 60 epochs).
Best model saved to F:\TPMS\inverse_diffusion_checkpoints\inverse_diffusion_5.pth (Val x0 MSE: 0.19488, Epoch: 245)
